[2026-05-15 09:38:24] [info] Initializing FlowPilot HTTP server
[2026-05-15 09:38:24] [info] Workflow validator initialized
[2026-05-15 09:38:24] [info] HTTP server listening on 0.0.0.0:8080
[2026-05-19 12:07:21] [info] Initializing FlowPilot HTTP server
[2026-05-19 12:07:21] [info] Workflow service initialized with Redis at 127.0.0.1:6379
[2026-05-19 12:07:21] [info] HTTP server listening on 0.0.0.0:8080
[2026-05-23 19:04:29] [info] Inserted default rate/policy plans and clients into SQLite database
[2026-06-02 12:44:24] [error] sqlite prepare failed: no such column: workflow_version
[2026-06-02 12:44:24] [error] Duplicate request: request id=req-dup client_id=dup-client
[2026-06-02 12:44:58] [error] Duplicate request: request id=req-dup client_id=dup-client
[2026-06-02 12:47:26] [error] Duplicate request: request id=req-dup client_id=dup-client
[2026-06-02 12:47:34] [warning] Redis not available — skipping admission/ratelimit checks
[2026-06-02 12:47:34] [error] Duplicate request: request id=req-123 client_id=client_1
[2026-06-02 12:47:34] [warning] Redis not available — skipping admission/ratelimit checks
[2026-06-02 12:47:34] [error] Duplicate request: request id=req-123 client_id=client_1
[2026-06-02 12:47:59] [warning] Redis not available — skipping admission/ratelimit checks
[2026-06-02 12:47:59] [error] Duplicate request: request id=req-123 client_id=client_1
[2026-06-02 12:47:59] [warning] Redis not available — skipping admission/ratelimit checks
[2026-06-02 12:47:59] [error] Duplicate request: request id=req-123 client_id=client_1
[2026-06-02 12:50:01] [info] Inserted default rate/policy plans and clients into SQLite database
[2026-06-02 12:50:01] [warning] Redis not available — skipping admission/ratelimit checks
[2026-06-02 12:50:01] [warning] Redis not available — skipping admission/ratelimit checks
[2026-06-02 12:50:01] [warning] Redis not available — skipping admission/ratelimit checks
[2026-06-02 12:50:01] [error] Duplicate request: request id=req-123 client_id=client_1
[2026-06-02 12:50:01] [error] Duplicate request: request id=req-dup client_id=dup-client
[2026-06-02 12:55:16] [info] Inserted default rate/policy plans and clients into SQLite database
[2026-06-02 12:55:16] [warning] Redis not available — skipping admission/ratelimit checks
[2026-06-02 12:55:16] [warning] Redis not available — skipping admission/ratelimit checks
[2026-06-02 12:55:16] [warning] Redis not available — skipping admission/ratelimit checks
[2026-06-02 12:55:16] [error] Duplicate request: request id=req-123 client_id=client_1
[2026-06-02 12:55:16] [error] Duplicate request: request id=req-dup client_id=dup-client
[2026-06-02 12:57:31] [info] Inserted default rate/policy plans and clients into SQLite database
[2026-06-02 12:57:31] [warning] Redis not available — skipping admission/ratelimit checks
[2026-06-02 12:57:31] [warning] Redis not available — skipping admission/ratelimit checks
[2026-06-02 12:57:31] [warning] Redis not available — skipping admission/ratelimit checks
[2026-06-02 12:57:31] [error] Duplicate request: request id=req-123 client_id=client_1
[2026-06-02 12:57:31] [error] Duplicate request: request id=req-dup client_id=dup-client
[2026-06-07 12:33:43] [info] Inserted default rate/policy plans and clients into SQLite database
[2026-06-07 12:33:43] [warning] Redis not available — skipping admission/ratelimit checks
[2026-06-07 12:33:43] [warning] Redis not available — skipping admission/ratelimit checks
[2026-06-07 12:33:43] [warning] Redis not available — skipping admission/ratelimit checks
[2026-06-07 12:33:43] [error] Duplicate request: request id=req-123 client_id=client_1
[2026-06-07 12:33:43] [error] Duplicate request: request id=req-dup client_id=dup-client
[2026-07-04 08:17:15] [error] Redis execute_command failed: read_until: Resource temporarily unavailable [system:11]
[2026-07-04 08:17:15] [error] Redis execute_command failed: read_until: Resource temporarily unavailable [system:11]
[2026-07-04 08:17:15] [error] Redis execute_command failed: read_until: Resource temporarily unavailable [system:11]
[2026-07-04 08:17:15] [info] Inserted default rate/policy plans and clients into SQLite database
[2026-07-04 08:17:15] [error] Duplicate request: request id=req-9652829407147040073 client_id=client_1
[2026-07-04 08:17:15] [error] Redis bulk string command failed: read_until: Resource temporarily unavailable [system:11]
[2026-07-04 08:17:15] [error] Redis bulk string command failed: read_until: Resource temporarily unavailable [system:11]
[2026-07-04 08:17:15] [error] Redis Lua script failed: read_until: Resource temporarily unavailable [system:11]
[2026-07-04 08:17:15] [error] Redis integer command failed: read_until: Resource temporarily unavailable [system:11]
[2026-07-04 08:17:15] [error] Redis integer command failed: read_until: Resource temporarily unavailable [system:11]
[2026-07-04 08:17:15] [error] Redis Lua script failed: read_until: Resource temporarily unavailable [system:11]
[2026-07-04 08:17:15] [error] Redis Lua script failed: read_until: Resource temporarily unavailable [system:11]
[2026-07-04 08:17:15] [error] Redis integer command failed: read_until: Resource temporarily unavailable [system:11]
[2026-07-04 08:17:15] [error] Redis Lua script failed: read_until: Resource temporarily unavailable [system:11]
[2026-07-04 08:17:15] [error] Redis Lua script failed: read_until: Resource temporarily unavailable [system:11]
[2026-07-04 08:17:15] [error] Redis bulk string command failed: read_until: Resource temporarily unavailable [system:11]
[2026-07-04 08:17:15] [error] Duplicate request: request id=req-dup client_id=dup-client
[2026-07-04 08:46:12] [error] Redis execute_command failed: read_until: Resource temporarily unavailable [system:11]
[2026-07-04 08:46:12] [error] Redis execute_command failed: read_until: Resource temporarily unavailable [system:11]
[2026-07-04 08:46:12] [error] Redis execute_command failed: read_until: Resource temporarily unavailable [system:11]
[2026-07-04 08:46:12] [info] Inserted default rate/policy plans and clients into SQLite database
[2026-07-04 08:46:12] [error] Duplicate request: request id=req-5471249278612410924 client_id=client_1
[2026-07-04 08:46:12] [error] Redis bulk string command failed: read_until: Resource temporarily unavailable [system:11]
[2026-07-04 08:46:12] [error] Redis bulk string command failed: read_until: Resource temporarily unavailable [system:11]
[2026-07-04 08:46:12] [error] Redis Lua script failed: read_until: Resource temporarily unavailable [system:11]
[2026-07-04 08:46:12] [error] Redis integer command failed: read_until: Resource temporarily unavailable [system:11]
[2026-07-04 08:46:12] [error] Redis integer command failed: read_until: Resource temporarily unavailable [system:11]
[2026-07-04 08:46:12] [error] Duplicate request: request id=req-dup client_id=dup-client
[2026-07-04 08:46:54] [info] Inserted default rate/policy plans and clients into SQLite database
[2026-07-04 08:46:54] [error] Duplicate request: request id=req-dup client_id=dup-client
